-- Build date: Mon Sep 26 22:08:35 CEST 2016
-- Build commit: commit 75afb3339a94229b76393a076ace775c1cefaa4a Author: Lucien Dos Santos Farret <luciendsf@gmail.com> less buggy interactive mode & some cleaning
